HI-TECH Software C Compiler 

Linker command line:

--edf=C:\Program Files (x86)\HI-TECH Software\PICC\STD\9.60\dat\en_msgs.txt \
  -h+Home Automation.sym -z -Q16F887 -ol.obj -MHome Automation.map -E1 \
  -ACODE=00h-07FFhx4 -ACONST=00h-0FFhx32 -AENTRY=00h-0FFhx32 \
  -ASTRING=00h-0FFhx32 -ABANK0=020h-07Fh -ABANK1=0A0h-0EFh \
  -ABANK2=0110h-016Fh -ABANK3=0190h-01EFh -ACOMBANK=070h-07Fh \
  -preset_vec=00h,intentry=04h,intcode,intret,init,init23,end_init,clrtext,maintext,stringtable,pstrings,strings \
  -ppowerup=CODE -ptemp=-COMBANK -pintsave_0=-COMBANK \
  -prbit_0=BANK0,rbss_0=BANK0,rdata_0=BANK0,idata_0=CODE -pnvram=BANK0 \
  -pintsave_1=BANK1 -prbit_1=BANK1,rbss_1=BANK1,rdata_1=BANK1,idata_1=CODE \
  -pnvram_1=BANK1,nvbit_1=BANK1 -pintsave_2=BANK2 \
  -prbit_2=BANK2,rbss_2=BANK2,rdata_2=BANK2,idata_2=CODE \
  -pnvram_2=BANK2,nvbit_2=BANK2 -pintsave_3=BANK3 \
  -prbit_3=BANK3,rbss_3=BANK3,rdata_3=BANK3,idata_3=CODE \
  -pnvram_3=BANK3,nvbit_3=BANK3 -ACONFIG=02007h-02008h -pconfig=CONFIG \
  -AIDLOC=02000h-02003h -pidloc=IDLOC -AEEDATA=00h-0FFh/02100h \
  -peeprom_data=EEDATA -pfloat_text0=CODE,float_text1=CODE,float_text2=CODE \
  -pfloat_text3=CODE,float_text4=CODE \
  C:\Users\M\AppData\Local\Temp\s398.obj Init_PIC.obj usart.obj main.obj \
  Delay.obj Servo.obj CCP_PWM.obj \
  C:\Program Files (x86)\HI-TECH Software\PICC\STD\9.60\lib\pic618-p.lib \
  C:\Program Files (x86)\HI-TECH Software\PICC\STD\9.60\lib\pic32--u.lib \
  C:\Program Files (x86)\HI-TECH Software\PICC\STD\9.60\lib\pic42c-c.lib \
  C:\Program Files (x86)\HI-TECH Software\PICC\STD\9.60\lib\pic32--u.lib 

Object code version is 3.10

Machine type is 16F887

Call graph:

*_main size 0,0 offset 0
*    _Init_PIC size 0,0 offset 0
*    _Init_CCP_PWM size 0,0 offset 0
*    _Init_USART size 0,0 offset 0

Estimated maximum call depth: 1

*_bluetooth size 0,0 offset 0
*    _Rotation0 size 0,4 offset 0
*    _Rotation90 size 0,4 offset 0
*    _Rotation180 size 0,4 offset 0

Estimated maximum call depth: 2


		Name          Link     Load   Length Selector Space Scale
C:\Users\M\AppData\Local\Temp\s398.obj
		reset_vec        0        0        3       0     0
		init            6E       6E        4       8     0
		end_init        72       72        B       8     0
Init_PIC.obj    text0          13B      13B        F       8     0
usart.obj       text0           F5       F5       20       8     0
main.obj        intcode          D        D       58       8     0
		intentry         4        4        9       8     0
		intret          65       65        9       8     0
		intsave_0       7F       7F        1      7F     1
		config        2007     2007        1    400E     0
		rbss_0          20       20        1      20     1
		intsave         25       25        3      20     1
		text0          12B      12B       10       8     0
Delay.obj       text0          115      115       16       8     0
Servo.obj       text2           7D       7D       28       8     0
		text1           A5       A5       28       8     0
		text0           CD       CD       28       8     0
CCP_PWM.obj     text0          14A      14A        F       8     0

C:\Program Files (x86)\HI-TECH Software\PICC\STD\9.60\lib\pic618-p.lib

C:\Program Files (x86)\HI-TECH Software\PICC\STD\9.60\lib\pic32--u.lib

C:\Program Files (x86)\HI-TECH Software\PICC\STD\9.60\lib\pic42c-c.lib
codeptr.obj     
sbtemp0.obj     
sbtemp10.obj    
sbtemp11.obj    
sbtemp12.obj    
sbtemp13.obj    
sbtemp14.obj    
sbtemp1.obj     
sbtemp2.obj     
sbtemp3.obj     
sbtemp4.obj     
sbtemp5.obj     
sbtemp6.obj     
sbtemp7.obj     
sbtemp8.obj     
sbtemp9.obj     
scodeptr.obj    

C:\Program Files (x86)\HI-TECH Software\PICC\STD\9.60\lib\pic32--u.lib

COMMON          rbss_0          21       21        4      20     1

TOTAL		Name          Link     Load   Length
	CLASS	CODE     
		intcode          D        D       58
		intentry         4        4        9
		intret          65       65        9
		reset_vec        0        0        3
		init            6E       6E        4
		end_init        72       72        B
		text0          13B      13B        F
		text0           F5       F5       20
		text0          12B      12B       10
		text0          115      115       16
		text2           7D       7D       28
		text1           A5       A5       28
		text0           CD       CD       28
		text0          14A      14A        F

	CLASS	CONST    

	CLASS	ENTRY    

	CLASS	STRING   

	CLASS	BANK0    
		rbss_0          20       20        5
		intsave         25       25        3

	CLASS	BANK1    

	CLASS	BANK2    

	CLASS	BANK3    

	CLASS	COMBANK  
		intsave_0       7F       7F        1

	CLASS	CONFIG   
		config        2007     2007        1

	CLASS	IDLOC    

	CLASS	EEDATA   



SEGMENTS	Name		Load	Length	 Top	Selector    Space Class

		reset_vec       000000	000003	000003	       0       0  CODE    
		intentry        000004	000155	000159	       8       0  CODE    
		rbit_0          000020	000008	000028	      20       1  BANK0   
		intsave_0       00007F	000001	000080	      7F       1  COMBANK 
		config          002007	000001	002008	    400E       0  CONFIG  


UNUSED ADDRESS RANGES

	BANK0            0028-007E
	BANK1            00A0-00EF
	BANK2            0110-016F
	BANK3            0190-01EF
	CODE             0003-0003
	                 0159-1FFF
	COMBANK          0070-007E
	CONFIG           2008-2008
	CONST            0003-0003
	                 0159-1FFF
	EEDATA           2100-21FF
	ENTRY            0003-0003
	                 0159-1FFF
	IDLOC            2000-2003
	STRING           0003-0003
	                 0159-1FFF

                                  Symbol Table

?_delay_ms            rbss_0      0021  ?a_Rotation0          rbss_0      0021
?a_Rotation180        rbss_0      0021  ?a_Rotation90         rbss_0      0021
?a_delay_ms           rbss_0      0021  _Init_CCP_PWM         text0       014A
_Init_PIC             text0       013B  _Init_USART           text0       00F5
_Rotation0            text0       00CD  _Rotation180          text2       007D
_Rotation90           text1       00A5  __Beeprom_data        eeprom_data 2100
__Bnvbit_0            nvbit_0     00FA  __Bnvbit_1            nvbit_1     00A0
__Bnvbit_2            nvbit_2     0110  __Bnvbit_3            nvbit_3     0190
__Bptbit_0            ptbit_0     00FA  __Brbit_0             rbit_0      0020
__Brbit_1             rbit_1      00A0  __Brbit_2             rbit_2      0110
__Brbit_3             rbit_3      0190  __Hclrtext            clrtext     007D
__Hcode               code        00FA  __Hcode_ptr           code_ptr    0028
__Hcommon_ram         common_ram  00FA  __Hconfig             config      2008
__Heeprom_data        eeprom_data 0000  __Hend_init           end_init    007D
__Hfloat_text0        float_text0 007D  __Hfloat_text1        float_text1 007D
__Hfloat_text2        float_text2 007D  __Hfloat_text3        float_text3 007D
__Hfloat_text4        float_text4 007D  __Hidata_0            idata_0     007D
__Hidata_1            idata_1     007D  __Hidata_2            idata_2     007D
__Hidata_3            idata_3     007D  __Hidloc              idloc       2000
__Hinit               init        0072  __Hinit23             init23      0072
__Hintcode            intcode     0065  __Hintentry           intentry    000D
__Hintret             intret      006E  __Hintsave            intsave     00FA
__Hintsave_0          intsave_0   0080  __Hintsave_1          intsave_1   00A0
__Hintsave_2          intsave_2   0110  __Hintsave_3          intsave_3   0190
__Hmaintext           maintext    007D  __Hnvbit_0            nvbit_0     07D0
__Hnvbit_1            nvbit_1     0500  __Hnvbit_2            nvbit_2     0880
__Hnvbit_3            nvbit_3     0C80  __Hnvram              nvram       0025
__Hnvram_1            nvram_1     00A0  __Hnvram_2            nvram_2     0110
__Hnvram_3            nvram_3     0190  __Hpowerup            powerup     007D
__Hpstrings           pstrings    007D  __Hptbit_0            ptbit_0     07D0
__Hrbit_0             rbit_0      0100  __Hrbit_1             rbit_1      0500
__Hrbit_2             rbit_2      0880  __Hrbit_3             rbit_3      0C80
__Hrbss_0             rbss_0      0025  __Hrbss_1             rbss_1      00A0
__Hrbss_2             rbss_2      0110  __Hrbss_3             rbss_3      0190
__Hrdata_0            rdata_0     0025  __Hrdata_1            rdata_1     00A0
__Hrdata_2            rdata_2     0110  __Hrdata_3            rdata_3     0190
__Hreset_vec          reset_vec   0003  __Hstrings            strings     007D
__Hstringtable        stringtable 007D  __Hstruct             struct      0028
__Htemp               temp        0070  __Htext               text        00FA
__Hxtemp              xtemp       0028  __Lclrtext            clrtext     007D
__Lcode               code        00FA  __Lcode_ptr           code_ptr    0028
__Lcommon_ram         common_ram  00FA  __Lconfig             config      2007
__Leeprom_data        eeprom_data 0000  __Lend_init           end_init    0072
__Lfloat_text0        float_text0 007D  __Lfloat_text1        float_text1 007D
__Lfloat_text2        float_text2 007D  __Lfloat_text3        float_text3 007D
__Lfloat_text4        float_text4 007D  __Lidata_0            idata_0     007D
__Lidata_1            idata_1     007D  __Lidata_2            idata_2     007D
__Lidata_3            idata_3     007D  __Lidloc              idloc       2000
__Linit               init        006E  __Linit23             init23      0072
__Lintcode            intcode     000D  __Lintentry           intentry    0004
__Lintret             intret      0065  __Lintsave            intsave     00FA
__Lintsave_0          intsave_0   007F  __Lintsave_1          intsave_1   00A0
__Lintsave_2          intsave_2   0110  __Lintsave_3          intsave_3   0190
__Lmaintext           maintext    007D  __Lnvbit_0            nvbit_0     07D0
__Lnvbit_1            nvbit_1     0500  __Lnvbit_2            nvbit_2     0880
__Lnvbit_3            nvbit_3     0C80  __Lnvram              nvram       0025
__Lnvram_1            nvram_1     00A0  __Lnvram_2            nvram_2     0110
__Lnvram_3            nvram_3     0190  __Lpowerup            powerup     007D
__Lpstrings           pstrings    007D  __Lptbit_0            ptbit_0     07D0
__Lrbit_0             rbit_0      0100  __Lrbit_1             rbit_1      0500
__Lrbit_2             rbit_2      0880  __Lrbit_3             rbit_3      0C80
__Lrbss_0             rbss_0      0020  __Lrbss_1             rbss_1      00A0
__Lrbss_2             rbss_2      0110  __Lrbss_3             rbss_3      0190
__Lrdata_0            rdata_0     0025  __Lrdata_1            rdata_1     00A0
__Lrdata_2            rdata_2     0110  __Lrdata_3            rdata_3     0190
__Lreset_vec          reset_vec   0000  __Lstrings            strings     007D
__Lstringtable        stringtable 007D  __Lstruct             struct      0028
__Ltemp               temp        0070  __Ltext               text        00FA
__Lxtemp              xtemp       0028  __S0                  (abs)       2008
__S1                  (abs)       0190  __S2                  (abs)       2100
__end_of_Init_CCP_PWM text1       0159  __end_of_Init_PIC     text1       0159
__end_of_Init_USART   text1       0159  __end_of_Rotation0    text1       00A5
__end_of_Rotation180  text3       0159  __end_of_Rotation90   text2       007D
__end_of_bluetooth    intentry    000D  __end_of_delay_ms     text1       0159
__end_of_main         text1       0159  _bluetooth            intcode     000D
_delay_ms             text0       0115  _exit                 init        006E
_main                 text0       012B  _recdata              rbss_0      0020
clear_bank0           init        006E  clear_bit0            init        006E
clear_ram             end_init    0078  code_ptr              code_ptr    0028
int_entry             intentry    0004  int_func              intcode     000D
int_restore           intret      0069  intlevel0             intentry    0004
intlevel1             intentry    0004  reset_vec             reset_vec   0000
save_btemp0           intentry    000D  save_btemp1           intentry    000D
save_btemp10          intentry    000D  save_btemp11          intentry    000D
save_btemp12          intentry    000D  save_btemp13          intentry    000D
save_btemp14          intentry    000D  save_btemp2           intentry    000D
save_btemp3           intentry    000D  save_btemp4           intentry    000D
save_btemp5           intentry    000D  save_btemp6           intentry    000D
save_btemp7           intentry    000D  save_btemp8           intentry    000D
save_btemp9           intentry    000D  save_code_ptr         intentry    000D
start                 init        006E  
